2026-06-27T22:38:50 stage=input
2026-06-27T22:38:50 stage=analyze
2026-06-27T22:38:50 stage=decision
2026-06-27T22:38:50 stage=execute
2026-06-27T22:38:50 stage=persistence
2026-06-27T22:38:50 stage=verification
2026-06-27T22:38:50 run=success
2026-06-28T10:06:15 stage=input
2026-06-28T10:06:15 stage=analyze
2026-06-28T10:06:15 stage=decision
2026-06-28T10:06:15 stage=execute
2026-06-28T10:06:15 stage=persistence
2026-06-28T10:06:15 stage=verification
2026-06-28T10:06:15 run=success
2026-06-28T11:40:33 stage=input
2026-06-28T11:40:33 stage=analyze
2026-06-28T11:40:33 stage=decision
2026-06-28T11:40:33 stage=execute
2026-06-28T11:40:33 stage=persistence
2026-06-28T11:40:33 stage=verification
2026-06-28T11:40:33 run=success
2026-06-28T11:57:18 stage=input
2026-06-28T11:57:18 stage=analyze
2026-06-28T11:57:18 stage=decision
2026-06-28T11:57:18 stage=execute
2026-06-28T11:57:18 stage=persistence
2026-06-28T11:57:18 stage=verification
2026-06-28T11:57:18 run=success
2026-06-28T11:58:38 stage=input
2026-06-28T11:58:38 stage=analyze
2026-06-28T11:58:38 stage=decision
2026-06-28T11:58:38 stage=execute
2026-06-28T11:58:38 stage=persistence
2026-06-28T11:58:38 stage=verification
2026-06-28T11:58:38 run=success
2026-06-28T12:00:32 stage=input
2026-06-28T12:00:32 stage=analyze
2026-06-28T12:00:32 stage=decision
2026-06-28T12:00:32 stage=execute
2026-06-28T12:00:32 stage=persistence
2026-06-28T12:00:32 stage=verification
2026-06-28T12:00:32 run=success
2026-06-28T12:01:49 stage=input
2026-06-28T12:01:49 stage=analyze
2026-06-28T12:01:49 stage=decision
2026-06-28T12:01:49 stage=execute
2026-06-28T12:01:49 stage=persistence
2026-06-28T12:01:49 stage=verification
2026-06-28T12:01:49 run=success
2026-06-28T16:05:03 stage=input
2026-06-28T16:05:03 stage=analyze
2026-06-28T16:05:03 stage=decision
2026-06-28T16:05:03 stage=execute
2026-06-28T16:05:03 stage=persistence
2026-06-28T16:05:03 stage=verification
2026-06-28T16:05:03 run=success
2026-06-28T16:06:53 stage=input
2026-06-28T16:06:53 stage=analyze
2026-06-28T16:06:53 stage=decision
2026-06-28T16:06:53 stage=execute
2026-06-28T16:06:53 stage=persistence
2026-06-28T16:06:53 stage=verification
2026-06-28T16:06:53 run=success
2026-06-28T16:13:40 stage=input
2026-06-28T16:13:40 stage=analyze
2026-06-28T16:13:40 stage=decision
2026-06-28T16:13:40 stage=execute
2026-06-28T16:13:40 stage=persistence
2026-06-28T16:13:40 stage=verification
2026-06-28T16:13:40 run=success
2026-06-28T16:19:11 stage=input
2026-06-28T16:19:11 stage=analyze
2026-06-28T16:19:11 stage=decision
2026-06-28T16:19:11 stage=execute
2026-06-28T16:19:11 stage=persistence
2026-06-28T16:19:11 stage=verification
2026-06-28T16:19:11 run=success
2026-06-28T18:29:49 stage=input
2026-06-28T18:29:49 stage=analyze
2026-06-28T18:29:49 stage=decision
2026-06-28T18:29:49 stage=execute
2026-06-28T18:29:49 stage=persistence
2026-06-28T18:29:49 stage=verification
2026-06-28T18:29:49 run=success
2026-06-28T18:31:12 stage=input
2026-06-28T18:31:12 stage=analyze
2026-06-28T18:31:12 stage=decision
2026-06-28T18:31:12 stage=execute
2026-06-28T18:31:12 stage=persistence
2026-06-28T18:31:12 stage=verification
2026-06-28T18:31:12 run=success
2026-06-28T18:40:16 stage=input
2026-06-28T18:40:16 stage=analyze
2026-06-28T18:40:16 stage=decision
2026-06-28T18:40:16 stage=execute
2026-06-28T18:40:16 stage=persistence
2026-06-28T18:40:16 stage=verification
2026-06-28T18:40:16 run=success
2026-06-28T18:41:03 stage=input
2026-06-28T18:41:03 stage=analyze
2026-06-28T18:41:03 stage=decision
2026-06-28T18:41:03 stage=execute
2026-06-28T18:41:03 stage=persistence
2026-06-28T18:41:03 stage=verification
2026-06-28T18:41:03 run=success
2026-06-28T18:42:05 stage=input
2026-06-28T18:42:05 stage=analyze
2026-06-28T18:42:05 stage=decision
2026-06-28T18:42:05 stage=execute
2026-06-28T18:42:05 stage=persistence
2026-06-28T18:42:05 stage=verification
2026-06-28T18:42:05 run=success
2026-06-28T20:30:00 stage=input
2026-06-28T20:30:00 stage=analyze
2026-06-28T20:30:00 stage=decision
2026-06-28T20:30:00 stage=execute
2026-06-28T20:30:00 stage=persistence
2026-06-28T20:30:00 stage=verification
2026-06-28T20:30:00 run=success
2026-06-28T21:57:19 stage=input
2026-06-28T21:57:19 stage=analyze
2026-06-28T21:57:19 stage=decision
2026-06-28T21:57:19 stage=execute
2026-06-28T21:57:19 stage=persistence
2026-06-28T21:57:19 stage=verification
2026-06-28T21:57:19 run=success
2026-06-28T22:02:10 stage=input
2026-06-28T22:02:10 stage=analyze
2026-06-28T22:02:10 stage=decision
2026-06-28T22:02:10 stage=execute
2026-06-28T22:02:10 stage=persistence
2026-06-28T22:02:10 stage=verification
2026-06-28T22:02:10 run=success
2026-06-28T22:32:11 stage=input
2026-06-28T22:32:11 stage=analyze
2026-06-28T22:32:11 stage=decision
2026-06-28T22:32:11 stage=execute
2026-06-28T22:32:11 stage=persistence
2026-06-28T22:32:11 stage=verification
2026-06-28T22:32:12 run=success
2026-06-28T22:57:43 stage=input
2026-06-28T22:57:43 stage=analyze
2026-06-28T22:57:43 stage=decision
2026-06-28T22:57:43 stage=execute
2026-06-28T22:57:43 stage=persistence
2026-06-28T22:57:43 stage=verification
2026-06-28T22:57:43 run=success
2026-06-29T07:13:19 stage=input
2026-06-29T07:13:19 stage=analyze
2026-06-29T07:13:19 stage=decision
2026-06-29T07:13:19 stage=execute
2026-06-29T07:13:19 stage=persistence
2026-06-29T07:13:20 stage=verification
2026-06-29T07:13:20 run=success
2026-06-29T08:12:22 stage=input
2026-06-29T08:12:22 stage=analyze
2026-06-29T08:12:22 stage=decision
2026-06-29T08:12:22 stage=execute
2026-06-29T08:12:22 stage=persistence
2026-06-29T08:12:22 stage=verification
2026-06-29T08:12:22 run=success
2026-06-29T10:08:08 stage=input
2026-06-29T10:08:08 stage=analyze
2026-06-29T10:08:08 stage=decision
2026-06-29T10:08:08 stage=execute
2026-06-29T10:08:08 stage=persistence
2026-06-29T10:08:08 stage=verification
2026-06-29T10:08:08 run=success
2026-06-29T10:30:11 stage=input
2026-06-29T10:30:11 stage=analyze
2026-06-29T10:30:11 stage=decision
2026-06-29T10:30:11 stage=execute
2026-06-29T10:30:11 stage=persistence
2026-06-29T10:30:11 stage=verification
2026-06-29T10:30:11 run=success
2026-06-29T10:57:18 stage=input
2026-06-29T10:57:18 stage=analyze
2026-06-29T10:57:18 stage=decision
2026-06-29T10:57:18 stage=execute
2026-06-29T10:57:18 stage=persistence
2026-06-29T10:57:18 stage=verification
2026-06-29T10:57:19 run=success
2026-06-29T11:17:04 stage=input
2026-06-29T11:17:04 stage=analyze
2026-06-29T11:17:04 stage=decision
2026-06-29T11:17:04 stage=execute
2026-06-29T11:17:04 stage=persistence
2026-06-29T11:17:04 stage=verification
2026-06-29T11:17:05 run=success
2026-06-29T20:49:11 stage=input
2026-06-29T20:49:11 stage=analyze
2026-06-29T20:49:11 stage=decision
2026-06-29T20:49:11 stage=execute
2026-06-29T20:49:11 stage=persistence
2026-06-29T20:49:12 stage=verification
2026-06-29T20:49:12 run=success
2026-06-29T20:54:17 stage=input
2026-06-29T20:54:17 stage=analyze
2026-06-29T20:54:17 stage=decision
2026-06-29T20:54:17 stage=execute
2026-06-29T20:54:17 stage=persistence
2026-06-29T20:54:17 stage=verification
2026-06-29T20:54:17 run=success
2026-06-29T22:31:15 stage=input
2026-06-29T22:31:15 stage=analyze
2026-06-29T22:31:15 stage=decision
2026-06-29T22:31:15 stage=execute
2026-06-29T22:31:15 stage=persistence
2026-06-29T22:31:15 stage=verification
2026-06-29T22:31:15 run=success
2026-06-30T07:12:56 stage=input
2026-06-30T07:12:56 stage=analyze
2026-06-30T07:12:56 stage=decision
2026-06-30T07:12:56 stage=execute
2026-06-30T07:12:56 stage=persistence
2026-06-30T07:12:57 stage=verification
2026-06-30T07:12:57 run=success
2026-06-30T08:10:29 stage=input
2026-06-30T08:10:29 stage=analyze
2026-06-30T08:10:29 stage=decision
2026-06-30T08:10:29 stage=execute
2026-06-30T08:10:29 stage=persistence
2026-06-30T08:10:29 stage=verification
2026-06-30T08:10:29 run=success
2026-06-30T22:38:01 stage=input
2026-06-30T22:38:01 stage=analyze
2026-06-30T22:38:01 stage=decision
2026-06-30T22:38:01 stage=execute
2026-06-30T22:38:01 stage=persistence
2026-06-30T22:38:01 stage=verification
2026-06-30T22:38:01 run=success
2026-06-30T22:42:07 stage=input
2026-06-30T22:42:07 stage=analyze
2026-06-30T22:42:07 stage=decision
2026-06-30T22:42:07 stage=execute
2026-06-30T22:42:07 stage=persistence
2026-06-30T22:42:07 stage=verification
2026-06-30T22:42:07 run=success
2026-07-01T07:32:33 stage=input
2026-07-01T07:32:33 stage=analyze
2026-07-01T07:32:33 stage=decision
2026-07-01T07:32:33 stage=execute
2026-07-01T07:32:33 stage=persistence
2026-07-01T07:32:33 stage=verification
2026-07-01T07:32:33 run=success
2026-07-01T08:07:28 stage=input
2026-07-01T08:07:28 stage=analyze
2026-07-01T08:07:28 stage=decision
2026-07-01T08:07:28 stage=execute
2026-07-01T08:07:28 stage=persistence
2026-07-01T08:07:28 stage=verification
2026-07-01T08:07:28 run=success
2026-07-01T22:36:42 stage=input
2026-07-01T22:36:42 stage=analyze
2026-07-01T22:36:42 stage=decision
2026-07-01T22:36:42 stage=execute
2026-07-01T22:36:42 stage=persistence
2026-07-01T22:36:42 stage=verification
2026-07-01T22:36:42 run=success
2026-07-01T22:40:01 stage=input
2026-07-01T22:40:01 stage=analyze
2026-07-01T22:40:01 stage=decision
2026-07-01T22:40:01 stage=execute
2026-07-01T22:40:01 stage=persistence
2026-07-01T22:40:01 stage=verification
2026-07-01T22:40:01 run=success
2026-07-02T07:10:01 stage=input
2026-07-02T07:10:01 stage=analyze
2026-07-02T07:10:01 stage=decision
2026-07-02T07:10:01 stage=execute
2026-07-02T07:10:01 stage=persistence
2026-07-02T07:10:01 stage=verification
2026-07-02T07:10:01 run=success
2026-07-02T08:09:11 stage=input
2026-07-02T08:09:11 stage=analyze
2026-07-02T08:09:11 stage=decision
2026-07-02T08:09:11 stage=execute
2026-07-02T08:09:11 stage=persistence
2026-07-02T08:09:11 stage=verification
2026-07-02T08:09:11 run=success
2026-07-02T10:03:47 stage=input
2026-07-02T10:03:47 stage=analyze
2026-07-02T10:03:47 stage=decision
2026-07-02T10:03:47 stage=execute
2026-07-02T10:03:47 stage=persistence
2026-07-02T10:03:47 stage=verification
2026-07-02T10:03:48 run=success
2026-07-02T14:29:39 stage=input
2026-07-02T14:29:39 stage=analyze
2026-07-02T14:29:39 stage=decision
2026-07-02T14:29:39 stage=execute
2026-07-02T14:29:39 stage=persistence
2026-07-02T14:29:39 stage=verification
2026-07-02T14:29:40 run=success
2026-07-03T07:07:41 stage=input
2026-07-03T07:07:41 stage=analyze
2026-07-03T07:07:41 stage=decision
2026-07-03T07:07:41 stage=execute
2026-07-03T07:07:41 stage=persistence
2026-07-03T07:07:41 stage=verification
2026-07-03T07:07:41 run=success
2026-07-03T08:07:12 stage=input
2026-07-03T08:07:12 stage=analyze
2026-07-03T08:07:12 stage=decision
2026-07-03T08:07:12 stage=execute
2026-07-03T08:07:12 stage=persistence
2026-07-03T08:07:12 stage=verification
2026-07-03T08:07:12 run=success
2026-07-04T11:50:34 stage=input
2026-07-04T11:50:34 stage=analyze
2026-07-04T11:50:34 stage=decision
2026-07-04T11:50:34 stage=execute
2026-07-04T11:50:34 stage=persistence
2026-07-04T11:50:34 stage=verification
2026-07-04T11:50:34 run=success
2026-07-04T11:53:10 stage=input
2026-07-04T11:53:10 stage=analyze
2026-07-04T11:53:10 stage=decision
2026-07-04T11:53:10 stage=execute
2026-07-04T11:53:10 stage=persistence
2026-07-04T11:53:10 stage=verification
2026-07-04T11:53:10 run=success
2026-07-04T18:52:23 stage=input
2026-07-04T18:52:23 stage=analyze
2026-07-04T18:52:23 stage=decision
2026-07-04T18:52:23 stage=execute
2026-07-04T18:52:23 stage=persistence
2026-07-04T18:52:23 stage=verification
2026-07-04T18:52:23 run=success
2026-07-04T18:59:40 stage=input
2026-07-04T18:59:40 stage=analyze
2026-07-04T18:59:40 stage=decision
2026-07-04T18:59:40 stage=execute
2026-07-04T18:59:40 stage=persistence
2026-07-04T18:59:40 stage=verification
2026-07-04T18:59:40 run=success
2026-07-04T20:59:30 stage=input
2026-07-04T20:59:30 stage=analyze
2026-07-04T20:59:30 stage=decision
2026-07-04T20:59:30 stage=execute
2026-07-04T20:59:30 stage=persistence
2026-07-04T20:59:30 stage=verification
2026-07-04T20:59:30 run=success
2026-07-05T13:34:18 stage=input
2026-07-05T13:34:18 stage=analyze
2026-07-05T13:34:18 stage=decision
2026-07-05T13:34:18 stage=execute
2026-07-05T13:34:19 stage=persistence
2026-07-05T13:34:19 stage=verification
2026-07-05T13:34:19 run=success
2026-07-05T21:41:03 stage=input
2026-07-05T21:41:03 stage=analyze
2026-07-05T21:41:03 stage=decision
2026-07-05T21:41:03 stage=execute
2026-07-05T21:41:03 stage=persistence
2026-07-05T21:41:03 stage=verification
2026-07-05T21:41:03 run=success
2026-07-05T21:45:38 stage=input
2026-07-05T21:45:38 stage=analyze
2026-07-05T21:45:38 stage=decision
2026-07-05T21:45:38 stage=execute
2026-07-05T21:45:38 stage=persistence
2026-07-05T21:45:38 stage=verification
2026-07-05T21:45:38 run=success
2026-07-06T08:33:48 stage=input
2026-07-06T08:33:48 stage=analyze
2026-07-06T08:33:48 stage=decision
2026-07-06T08:33:48 stage=execute
2026-07-06T08:33:48 stage=persistence
2026-07-06T08:33:48 stage=verification
2026-07-06T08:33:48 run=success
2026-07-06T11:47:06 stage=input
2026-07-06T11:47:06 stage=analyze
2026-07-06T11:47:06 stage=decision
2026-07-06T11:47:06 stage=execute
2026-07-06T11:47:06 stage=persistence
2026-07-06T11:47:06 stage=verification
2026-07-06T11:47:06 run=success
2026-07-07T07:35:02 stage=input
2026-07-07T07:35:02 stage=analyze
2026-07-07T07:35:02 stage=decision
2026-07-07T07:35:02 stage=execute
2026-07-07T07:35:02 stage=persistence
2026-07-07T07:35:02 stage=verification
2026-07-07T07:35:02 run=success
2026-07-07T08:05:50 stage=input
2026-07-07T08:05:50 stage=analyze
2026-07-07T08:05:50 stage=decision
2026-07-07T08:05:50 stage=execute
2026-07-07T08:05:50 stage=persistence
2026-07-07T08:05:51 stage=verification
2026-07-07T08:05:51 run=success
2026-07-07T09:30:39 stage=input
2026-07-07T09:30:39 stage=analyze
2026-07-07T09:30:39 stage=decision
2026-07-07T09:30:39 stage=execute
2026-07-07T09:30:39 stage=persistence
2026-07-07T09:30:39 stage=verification
2026-07-07T09:30:39 run=success
2026-07-08T08:49:15 stage=input
2026-07-08T08:49:15 stage=analyze
2026-07-08T08:49:15 stage=decision
2026-07-08T08:49:15 stage=execute
2026-07-08T08:49:15 stage=persistence
2026-07-08T08:49:15 stage=verification
2026-07-08T08:49:16 run=success
2026-07-08T08:53:03 stage=input
2026-07-08T08:53:03 stage=analyze
2026-07-08T08:53:03 stage=decision
2026-07-08T08:53:03 stage=execute
2026-07-08T08:53:03 stage=persistence
2026-07-08T08:53:03 stage=verification
2026-07-08T08:53:03 run=success
2026-07-08T20:30:02 stage=input
2026-07-08T20:30:02 stage=analyze
2026-07-08T20:30:02 stage=decision
2026-07-08T20:30:02 stage=execute
2026-07-08T20:30:02 stage=persistence
2026-07-08T20:30:02 stage=verification
2026-07-08T20:30:02 run=success
2026-07-09T07:05:26 stage=input
2026-07-09T07:05:26 stage=analyze
2026-07-09T07:05:27 stage=decision
2026-07-09T07:05:27 stage=execute
2026-07-09T07:05:27 stage=persistence
2026-07-09T07:05:27 stage=verification
2026-07-09T07:05:27 run=success
2026-07-09T08:15:57 stage=input
2026-07-09T08:15:57 stage=analyze
2026-07-09T08:15:57 stage=decision
2026-07-09T08:15:57 stage=execute
2026-07-09T08:15:57 stage=persistence
2026-07-09T08:15:57 stage=verification
2026-07-09T08:15:57 run=success
2026-07-09T19:38:52 stage=input
2026-07-09T19:38:52 stage=analyze
2026-07-09T19:38:52 stage=decision
2026-07-09T19:38:52 stage=execute
2026-07-09T19:38:52 stage=persistence
2026-07-09T19:38:53 stage=verification
2026-07-09T19:38:53 run=success
2026-07-10T07:33:01 stage=input
2026-07-10T07:33:01 stage=analyze
2026-07-10T07:33:01 stage=decision
2026-07-10T07:33:01 stage=execute
2026-07-10T07:33:01 stage=persistence
2026-07-10T07:33:02 stage=verification
2026-07-10T07:33:02 run=success
2026-07-10T08:05:36 stage=input
2026-07-10T08:05:36 stage=analyze
2026-07-10T08:05:36 stage=decision
2026-07-10T08:05:36 stage=execute
2026-07-10T08:05:36 stage=persistence
2026-07-10T08:05:37 stage=verification
2026-07-10T08:05:37 run=success
2026-07-10T20:47:50 stage=input
2026-07-10T20:47:50 stage=analyze
2026-07-10T20:47:50 stage=decision
2026-07-10T20:47:50 stage=execute
2026-07-10T20:47:50 stage=persistence
2026-07-10T20:47:51 stage=verification
2026-07-10T20:47:51 run=success
2026-07-10T20:55:55 stage=input
2026-07-10T20:55:55 stage=analyze
2026-07-10T20:55:55 stage=decision
2026-07-10T20:55:55 stage=execute
2026-07-10T20:55:55 stage=persistence
2026-07-10T20:55:55 stage=verification
2026-07-10T20:55:55 run=success
2026-07-11T10:07:02 stage=input
2026-07-11T10:07:02 stage=analyze
2026-07-11T10:07:02 stage=decision
2026-07-11T10:07:02 stage=execute
2026-07-11T10:07:02 stage=persistence
2026-07-11T10:07:02 stage=verification
2026-07-11T10:07:02 run=success
2026-07-11T14:37:14 stage=input
2026-07-11T14:37:14 stage=analyze
2026-07-11T14:37:14 stage=decision
2026-07-11T14:37:14 stage=execute
2026-07-11T14:37:14 stage=persistence
2026-07-11T14:37:14 stage=verification
2026-07-11T14:37:14 run=success
2026-07-11T20:04:34 stage=input
2026-07-11T20:04:34 stage=analyze
2026-07-11T20:04:34 stage=decision
2026-07-11T20:04:34 stage=execute
2026-07-11T20:04:34 stage=persistence
2026-07-11T20:04:34 stage=verification
2026-07-11T20:04:35 run=success
2026-07-11T20:30:02 stage=input
2026-07-11T20:30:02 stage=analyze
2026-07-11T20:30:02 stage=decision
2026-07-11T20:30:02 stage=execute
2026-07-11T20:30:02 stage=persistence
2026-07-11T20:30:02 stage=verification
2026-07-11T20:30:02 run=success
2026-07-12T11:13:47 stage=input
2026-07-12T11:13:47 stage=analyze
2026-07-12T11:13:47 stage=decision
2026-07-12T11:13:47 stage=execute
2026-07-12T11:13:47 stage=persistence
2026-07-12T11:13:47 stage=verification
2026-07-12T11:13:48 run=success
2026-07-12T22:39:40 stage=input
2026-07-12T22:39:40 stage=analyze
2026-07-12T22:39:40 stage=decision
2026-07-12T22:39:40 stage=execute
2026-07-12T22:39:40 stage=persistence
2026-07-12T22:39:40 stage=verification
2026-07-12T22:39:40 run=success
2026-07-12T22:44:55 stage=input
2026-07-12T22:44:55 stage=analyze
2026-07-12T22:44:55 stage=decision
2026-07-12T22:44:55 stage=execute
2026-07-12T22:44:55 stage=persistence
2026-07-12T22:44:55 stage=verification
2026-07-12T22:44:55 run=success
2026-07-13T08:14:41 stage=input
2026-07-13T08:14:41 stage=analyze
2026-07-13T08:14:41 stage=decision
2026-07-13T08:14:41 stage=execute
2026-07-13T08:14:41 stage=persistence
2026-07-13T08:14:41 stage=verification
2026-07-13T08:14:42 run=success
2026-07-13T11:32:16 stage=input
2026-07-13T11:32:16 stage=analyze
2026-07-13T11:32:16 stage=decision
2026-07-13T11:32:16 stage=execute
2026-07-13T11:32:16 stage=persistence
2026-07-13T11:32:16 stage=verification
2026-07-13T11:32:16 run=success
2026-07-14T07:33:17 stage=input
2026-07-14T07:33:17 stage=analyze
2026-07-14T07:33:17 stage=decision
2026-07-14T07:33:17 stage=execute
2026-07-14T07:33:17 stage=persistence
2026-07-14T07:33:17 stage=verification
2026-07-14T07:33:18 run=success
2026-07-14T08:17:10 stage=input
2026-07-14T08:17:10 stage=analyze
2026-07-14T08:17:10 stage=decision
2026-07-14T08:17:10 stage=execute
2026-07-14T08:17:10 stage=persistence
2026-07-14T08:17:11 stage=verification
2026-07-14T08:17:11 run=success
2026-07-15T07:12:41 stage=input
2026-07-15T07:12:41 stage=analyze
2026-07-15T07:12:41 stage=decision
2026-07-15T07:12:41 stage=execute
2026-07-15T07:12:41 stage=persistence
2026-07-15T07:12:41 stage=verification
2026-07-15T07:12:41 run=success
2026-07-15T07:16:22 stage=input
2026-07-15T07:16:22 stage=analyze
2026-07-15T07:16:22 stage=decision
2026-07-15T07:16:22 stage=execute
2026-07-15T07:16:22 stage=persistence
2026-07-15T07:16:22 stage=verification
2026-07-15T07:16:22 run=success
2026-07-15T08:18:58 stage=input
2026-07-15T08:18:58 stage=analyze
2026-07-15T08:18:58 stage=decision
2026-07-15T08:18:58 stage=execute
2026-07-15T08:18:58 stage=persistence
2026-07-15T08:18:58 stage=verification
2026-07-15T08:18:59 run=success
2026-07-15T14:16:11 stage=input
2026-07-15T14:16:11 stage=analyze
2026-07-15T14:16:12 stage=decision
2026-07-15T14:16:12 stage=execute
2026-07-15T14:16:12 stage=persistence
2026-07-15T14:16:15 stage=verification
2026-07-15T14:16:15 run=success
2026-07-16T07:33:33 stage=input
2026-07-16T07:33:33 stage=analyze
2026-07-16T07:33:33 stage=decision
2026-07-16T07:33:33 stage=execute
2026-07-16T07:33:33 stage=persistence
2026-07-16T07:33:33 stage=verification
2026-07-16T07:33:33 run=success
2026-07-16T08:17:56 stage=input
2026-07-16T08:17:56 stage=analyze
2026-07-16T08:17:56 stage=decision
2026-07-16T08:17:56 stage=execute
2026-07-16T08:17:56 stage=persistence
2026-07-16T08:17:57 stage=verification
2026-07-16T08:17:57 run=success
2026-07-16T08:23:26 stage=input
2026-07-16T08:23:26 stage=analyze
2026-07-16T08:23:26 stage=decision
2026-07-16T08:23:26 stage=execute
2026-07-16T08:23:26 stage=persistence
2026-07-16T08:23:26 stage=verification
2026-07-16T08:23:26 run=success
2026-07-16T09:04:46 stage=input
2026-07-16T09:04:46 stage=analyze
2026-07-16T09:04:46 stage=decision
2026-07-16T09:04:46 stage=execute
2026-07-16T09:04:46 stage=persistence
2026-07-16T09:04:46 stage=verification
2026-07-16T09:04:46 run=success
2026-07-16T09:27:40 stage=input
2026-07-16T09:27:40 stage=analyze
2026-07-16T09:27:40 stage=decision
2026-07-16T09:27:40 stage=execute
2026-07-16T09:27:40 stage=persistence
2026-07-16T09:27:40 stage=verification
2026-07-16T09:27:40 run=success
2026-07-16T11:21:12 stage=input
2026-07-16T11:21:12 stage=analyze
2026-07-16T11:21:12 stage=decision
2026-07-16T11:21:12 stage=execute
2026-07-16T11:21:12 stage=persistence
2026-07-16T11:21:12 stage=verification
2026-07-16T11:21:12 run=success
2026-07-17T08:34:44 stage=input
2026-07-17T08:34:44 stage=analyze
2026-07-17T08:34:44 stage=decision
2026-07-17T08:34:44 stage=execute
2026-07-17T08:34:44 stage=persistence
2026-07-17T08:34:44 stage=verification
2026-07-17T08:34:44 run=success
2026-07-17T08:40:02 stage=input
2026-07-17T08:40:02 stage=analyze
2026-07-17T08:40:02 stage=decision
2026-07-17T08:40:02 stage=execute
2026-07-17T08:40:02 stage=persistence
2026-07-17T08:40:02 stage=verification
2026-07-17T08:40:02 run=success
2026-07-17T09:18:26 stage=input
2026-07-17T09:18:26 stage=analyze
2026-07-17T09:18:26 stage=decision
2026-07-17T09:18:26 stage=execute
2026-07-17T09:18:26 stage=persistence
2026-07-17T09:18:26 stage=verification
2026-07-17T09:18:26 run=success
2026-07-18T14:56:51 stage=input
2026-07-18T14:56:51 stage=analyze
2026-07-18T14:56:51 stage=decision
2026-07-18T14:56:51 stage=execute
2026-07-18T14:56:51 stage=persistence
2026-07-18T14:56:51 stage=verification
2026-07-18T14:56:51 run=success
2026-07-18T15:02:04 stage=input
2026-07-18T15:02:04 stage=analyze
2026-07-18T15:02:04 stage=decision
2026-07-18T15:02:04 stage=execute
2026-07-18T15:02:04 stage=persistence
2026-07-18T15:02:04 stage=verification
2026-07-18T15:02:04 run=success
2026-07-18T15:15:14 stage=input
2026-07-18T15:15:14 stage=analyze
2026-07-18T15:15:14 stage=decision
2026-07-18T15:15:14 stage=execute
2026-07-18T15:15:14 stage=persistence
2026-07-18T15:15:15 stage=verification
2026-07-18T15:15:15 run=success
2026-07-20T08:10:09 stage=input
2026-07-20T08:10:09 stage=analyze
2026-07-20T08:10:09 stage=decision
2026-07-20T08:10:09 stage=execute
2026-07-20T08:10:09 stage=persistence
2026-07-20T08:10:09 stage=verification
2026-07-20T08:10:09 run=success
2026-07-20T08:40:40 stage=input
2026-07-20T08:40:40 stage=analyze
2026-07-20T08:40:40 stage=decision
2026-07-20T08:40:40 stage=execute
2026-07-20T08:40:40 stage=persistence
2026-07-20T08:40:40 stage=verification
2026-07-20T08:40:40 run=success
2026-07-20T12:07:22 stage=input
2026-07-20T12:07:22 stage=analyze
2026-07-20T12:07:22 stage=decision
2026-07-20T12:07:22 stage=execute
2026-07-20T12:07:22 stage=persistence
2026-07-20T12:07:22 stage=verification
2026-07-20T12:07:22 run=success
2026-07-21T08:34:49 stage=input
2026-07-21T08:34:49 stage=analyze
2026-07-21T08:34:49 stage=decision
2026-07-21T08:34:49 stage=execute
2026-07-21T08:34:49 stage=persistence
2026-07-21T08:34:50 stage=verification
2026-07-21T08:34:50 run=success
2026-07-21T08:40:02 stage=input
2026-07-21T08:40:02 stage=analyze
2026-07-21T08:40:02 stage=decision
2026-07-21T08:40:02 stage=execute
2026-07-21T08:40:02 stage=persistence
2026-07-21T08:40:02 stage=verification
2026-07-21T08:40:02 run=success
2026-07-22T07:32:53 stage=input
2026-07-22T07:32:53 stage=analyze
2026-07-22T07:32:53 stage=decision
2026-07-22T07:32:53 stage=execute
2026-07-22T07:32:53 stage=persistence
2026-07-22T07:32:53 stage=verification
2026-07-22T07:32:53 run=success
2026-07-22T08:29:35 stage=input
2026-07-22T08:29:35 stage=analyze
2026-07-22T08:29:35 stage=decision
2026-07-22T08:29:35 stage=execute
2026-07-22T08:29:35 stage=persistence
2026-07-22T08:29:35 stage=verification
2026-07-22T08:29:35 run=success
2026-07-22T08:35:07 stage=input
2026-07-22T08:35:07 stage=analyze
2026-07-22T08:35:07 stage=decision
2026-07-22T08:35:07 stage=execute
2026-07-22T08:35:07 stage=persistence
2026-07-22T08:35:07 stage=verification
2026-07-22T08:35:07 run=success
2026-07-22T08:39:54 stage=input
2026-07-22T08:39:54 stage=analyze
2026-07-22T08:39:54 stage=decision
2026-07-22T08:39:54 stage=execute
2026-07-22T08:39:54 stage=persistence
2026-07-22T08:39:55 stage=verification
2026-07-22T08:39:55 run=success
2026-07-23T08:32:45 stage=input
2026-07-23T08:32:45 stage=analyze
2026-07-23T08:32:45 stage=decision
2026-07-23T08:32:45 stage=execute
2026-07-23T08:32:45 stage=persistence
2026-07-23T08:32:45 stage=verification
2026-07-23T08:32:45 run=success
2026-07-23T08:38:05 stage=input
2026-07-23T08:38:05 stage=analyze
2026-07-23T08:38:05 stage=decision
2026-07-23T08:38:05 stage=execute
2026-07-23T08:38:05 stage=persistence
2026-07-23T08:38:05 stage=verification
2026-07-23T08:38:06 run=success
2026-07-23T15:02:22 stage=input
2026-07-23T15:02:22 stage=analyze
2026-07-23T15:02:22 stage=decision
2026-07-23T15:02:22 stage=execute
2026-07-23T15:02:22 stage=persistence
2026-07-23T15:02:22 stage=verification
2026-07-23T15:02:22 run=success
2026-07-23T20:38:12 stage=input
2026-07-23T20:38:12 stage=analyze
2026-07-23T20:38:12 stage=decision
2026-07-23T20:38:12 stage=execute
2026-07-23T20:38:12 stage=persistence
2026-07-23T20:38:12 stage=verification
2026-07-23T20:38:12 run=success
2026-07-23T20:43:33 stage=input
2026-07-23T20:43:33 stage=analyze
2026-07-23T20:43:33 stage=decision
2026-07-23T20:43:33 stage=execute
2026-07-23T20:43:33 stage=persistence
2026-07-23T20:43:33 stage=verification
2026-07-23T20:43:33 run=success
2026-07-24T07:11:45 stage=input
2026-07-24T07:11:45 stage=analyze
2026-07-24T07:11:45 stage=decision
2026-07-24T07:11:45 stage=execute
2026-07-24T07:11:45 stage=persistence
2026-07-24T07:11:45 stage=verification
2026-07-24T07:11:45 run=success
2026-07-24T08:29:31 stage=input
2026-07-24T08:29:31 stage=analyze
2026-07-24T08:29:31 stage=decision
2026-07-24T08:29:31 stage=execute
2026-07-24T08:29:31 stage=persistence
2026-07-24T08:29:31 stage=verification
2026-07-24T08:29:31 run=success
2026-07-24T10:06:36 stage=input
2026-07-24T10:06:37 stage=analyze
2026-07-24T10:06:37 stage=decision
2026-07-24T10:06:37 stage=execute
2026-07-24T10:06:37 stage=persistence
2026-07-24T10:06:37 stage=verification
2026-07-24T10:06:37 run=success
2026-07-26T15:39:26 stage=input
2026-07-26T15:39:26 stage=analyze
2026-07-26T15:39:26 stage=decision
2026-07-26T15:39:27 stage=execute
2026-07-26T15:39:27 stage=persistence
2026-07-26T15:39:27 stage=verification
2026-07-26T15:39:27 run=success
2026-07-26T15:42:26 stage=input
2026-07-26T15:42:26 stage=analyze
2026-07-26T15:42:26 stage=decision
2026-07-26T15:42:26 stage=execute
2026-07-26T15:42:26 stage=persistence
2026-07-26T15:42:26 stage=verification
2026-07-26T15:42:26 run=success
2026-07-26T15:50:48 stage=input
2026-07-26T15:50:48 stage=analyze
2026-07-26T15:50:48 stage=decision
2026-07-26T15:50:48 stage=execute
2026-07-26T15:50:48 stage=persistence
2026-07-26T15:50:48 stage=verification
2026-07-26T15:50:48 run=success
2026-07-26T19:11:20 stage=input
2026-07-26T19:11:20 stage=analyze
2026-07-26T19:11:20 stage=decision
2026-07-26T19:11:20 stage=execute
2026-07-26T19:11:20 stage=persistence
2026-07-26T19:11:20 stage=verification
2026-07-26T19:11:20 run=success
2026-07-26T20:30:02 stage=input
2026-07-26T20:30:02 stage=analyze
2026-07-26T20:30:02 stage=decision
2026-07-26T20:30:02 stage=execute
2026-07-26T20:30:02 stage=persistence
2026-07-26T20:30:02 stage=verification
2026-07-26T20:30:02 run=success
2026-07-27T08:26:09 stage=input
2026-07-27T08:26:09 stage=analyze
2026-07-27T08:26:09 stage=decision
2026-07-27T08:26:09 stage=execute
2026-07-27T08:26:09 stage=persistence
2026-07-27T08:26:09 stage=verification
2026-07-27T08:26:09 run=success
2026-07-27T21:23:26 stage=input
2026-07-27T21:23:26 stage=analyze
2026-07-27T21:23:26 stage=decision
2026-07-27T21:23:26 stage=execute
2026-07-27T21:23:26 stage=persistence
2026-07-27T21:23:26 stage=verification
2026-07-27T21:23:26 run=success
2026-07-27T21:28:32 stage=input
2026-07-27T21:28:32 stage=analyze
2026-07-27T21:28:32 stage=decision
2026-07-27T21:28:33 stage=execute
2026-07-27T21:28:33 stage=persistence
2026-07-27T21:28:33 stage=verification
2026-07-27T21:28:33 run=success
2026-07-28T08:33:52 stage=input
2026-07-28T08:33:52 stage=analyze
2026-07-28T08:33:52 stage=decision
2026-07-28T08:33:52 stage=execute
2026-07-28T08:33:52 stage=persistence
2026-07-28T08:33:52 stage=verification
2026-07-28T08:33:52 run=success
2026-07-28T21:17:45 stage=input
2026-07-28T21:17:45 stage=analyze
2026-07-28T21:17:45 stage=decision
2026-07-28T21:17:45 stage=execute
2026-07-28T21:17:45 stage=persistence
2026-07-28T21:17:45 stage=verification
2026-07-28T21:17:45 run=success
2026-07-28T21:26:29 stage=input
2026-07-28T21:26:29 stage=analyze
2026-07-28T21:26:29 stage=decision
2026-07-28T21:26:29 stage=execute
2026-07-28T21:26:29 stage=persistence
2026-07-28T21:26:29 stage=verification
2026-07-28T21:26:29 run=success
2026-07-29T08:31:15 stage=input
2026-07-29T08:31:15 stage=analyze
2026-07-29T08:31:15 stage=decision
2026-07-29T08:31:15 stage=execute
2026-07-29T08:31:15 stage=persistence
2026-07-29T08:31:15 stage=verification
2026-07-29T08:31:15 run=success
2026-07-29T20:05:23 stage=input
2026-07-29T20:05:23 stage=analyze
2026-07-29T20:05:23 stage=decision
2026-07-29T20:05:23 stage=execute
2026-07-29T20:05:23 stage=persistence
2026-07-29T20:05:23 stage=verification
2026-07-29T20:05:23 run=success
2026-07-29T20:30:40 stage=input
2026-07-29T20:30:40 stage=analyze
2026-07-29T20:30:40 stage=decision
2026-07-29T20:30:40 stage=execute
2026-07-29T20:30:40 stage=persistence
2026-07-29T20:30:40 stage=verification
2026-07-29T20:30:40 run=success
2026-07-30T08:35:34 stage=input
2026-07-30T08:35:34 stage=analyze
2026-07-30T08:35:34 stage=decision
2026-07-30T08:35:34 stage=execute
2026-07-30T08:35:34 stage=persistence
2026-07-30T08:35:34 stage=verification
2026-07-30T08:35:34 run=success
2026-07-30T21:01:36 stage=input
2026-07-30T21:01:36 stage=analyze
2026-07-30T21:01:36 stage=decision
2026-07-30T21:01:36 stage=execute
2026-07-30T21:01:36 stage=persistence
2026-07-30T21:01:37 stage=verification
2026-07-30T21:01:37 run=success
2026-07-30T21:04:44 stage=input
2026-07-30T21:04:44 stage=analyze
2026-07-30T21:04:44 stage=decision
2026-07-30T21:04:44 stage=execute
2026-07-30T21:04:44 stage=persistence
2026-07-30T21:04:44 stage=verification
2026-07-30T21:04:44 run=success
2026-07-31T08:35:35 stage=input
2026-07-31T08:35:35 stage=analyze
2026-07-31T08:35:35 stage=decision
2026-07-31T08:35:35 stage=execute
2026-07-31T08:35:35 stage=persistence
2026-07-31T08:35:37 stage=verification
2026-07-31T08:35:37 run=success
2026-07-31T21:47:28 stage=input
2026-07-31T21:47:28 stage=analyze
2026-07-31T21:47:28 stage=decision
2026-07-31T21:47:28 stage=execute
2026-07-31T21:47:28 stage=persistence
2026-07-31T21:47:29 stage=verification
2026-07-31T21:47:29 run=success
2026-07-31T21:55:16 stage=input
2026-07-31T21:55:16 stage=analyze
2026-07-31T21:55:16 stage=decision
2026-07-31T21:55:16 stage=execute
2026-07-31T21:55:16 stage=persistence
2026-07-31T21:55:16 stage=verification
2026-07-31T21:55:16 run=success
2026-08-01T21:08:25 stage=input
2026-08-01T21:08:25 stage=analyze
2026-08-01T21:08:25 stage=decision
2026-08-01T21:08:25 stage=execute
2026-08-01T21:08:25 stage=persistence
2026-08-01T21:08:29 stage=verification
2026-08-01T21:08:30 run=success
2026-08-01T21:12:54 stage=input
2026-08-01T21:12:54 stage=analyze
2026-08-01T21:12:54 stage=decision
2026-08-01T21:12:54 stage=execute
2026-08-01T21:12:54 stage=persistence
2026-08-01T21:12:55 stage=verification
2026-08-01T21:12:55 run=success
2026-08-02T10:03:46 stage=input
2026-08-02T10:03:46 stage=analyze
2026-08-02T10:03:46 stage=decision
2026-08-02T10:03:46 stage=execute
2026-08-02T10:03:46 stage=persistence
2026-08-02T10:03:46 stage=verification
2026-08-02T10:03:46 run=success
2026-08-02T13:52:58 stage=input
2026-08-02T13:52:58 stage=analyze
2026-08-02T13:52:58 stage=decision
2026-08-02T13:52:58 stage=execute
2026-08-02T13:52:58 stage=persistence
2026-08-02T13:52:58 stage=verification
2026-08-02T13:52:58 run=success
2026-08-02T20:30:02 stage=input
2026-08-02T20:30:02 stage=analyze
2026-08-02T20:30:02 stage=decision
2026-08-02T20:30:02 stage=execute
2026-08-02T20:30:02 stage=persistence
2026-08-02T20:30:02 stage=verification
2026-08-02T20:30:02 run=success
2026-08-03T08:32:20 stage=input
2026-08-03T08:32:20 stage=analyze
2026-08-03T08:32:20 stage=decision
2026-08-03T08:32:20 stage=execute
2026-08-03T08:32:20 stage=persistence
2026-08-03T08:32:21 stage=verification
2026-08-03T08:32:21 run=success
2026-08-03T20:34:15 stage=input
2026-08-03T20:34:15 stage=analyze
2026-08-03T20:34:15 stage=decision
2026-08-03T20:34:15 stage=execute
2026-08-03T20:34:15 stage=persistence
2026-08-03T20:34:16 stage=verification
2026-08-03T20:34:16 run=success
2026-08-03T20:39:51 stage=input
2026-08-03T20:39:51 stage=analyze
2026-08-03T20:39:51 stage=decision
2026-08-03T20:39:51 stage=execute
2026-08-03T20:39:51 stage=persistence
2026-08-03T20:39:51 stage=verification
2026-08-03T20:39:51 run=success
2026-08-04T07:21:39 stage=input
2026-08-04T07:21:39 stage=analyze
2026-08-04T07:21:39 stage=decision
2026-08-04T07:21:39 stage=execute
2026-08-04T07:21:39 stage=persistence
2026-08-04T07:21:39 stage=verification
2026-08-04T07:21:40 run=success
2026-08-04T08:23:17 stage=input
2026-08-04T08:23:17 stage=analyze
2026-08-04T08:23:17 stage=decision
2026-08-04T08:23:17 stage=execute
2026-08-04T08:23:17 stage=persistence
2026-08-04T08:23:17 stage=verification
2026-08-04T08:23:17 run=success
2026-08-05T08:40:17 stage=input
2026-08-05T08:40:17 stage=analyze
2026-08-05T08:40:17 stage=decision
2026-08-05T08:40:17 stage=execute
2026-08-05T08:40:17 stage=persistence
2026-08-05T08:40:17 stage=verification
2026-08-05T08:40:17 run=success
2026-08-05T08:44:03 stage=input
2026-08-05T08:44:03 stage=analyze
2026-08-05T08:44:03 stage=decision
2026-08-05T08:44:03 stage=execute
2026-08-05T08:44:03 stage=persistence
2026-08-05T08:44:03 stage=verification
2026-08-05T08:44:03 run=success
2026-08-06T07:09:38 stage=input
2026-08-06T07:09:38 stage=analyze
2026-08-06T07:09:38 stage=decision
2026-08-06T07:09:38 stage=execute
2026-08-06T07:09:38 stage=persistence
2026-08-06T07:09:40 stage=verification
2026-08-06T07:09:40 run=success
2026-08-06T07:13:29 stage=input
2026-08-06T07:13:29 stage=analyze
2026-08-06T07:13:29 stage=decision
2026-08-06T07:13:29 stage=execute
2026-08-06T07:13:29 stage=persistence
2026-08-06T07:13:29 stage=verification
2026-08-06T07:13:29 run=success
2026-08-06T08:23:01 stage=input
2026-08-06T08:23:01 stage=analyze
2026-08-06T08:23:01 stage=decision
2026-08-06T08:23:01 stage=execute
2026-08-06T08:23:01 stage=persistence
2026-08-06T08:23:01 stage=verification
2026-08-06T08:23:01 run=success
2026-08-06T20:33:19 stage=input
2026-08-06T20:33:19 stage=analyze
2026-08-06T20:33:19 stage=decision
2026-08-06T20:33:19 stage=execute
2026-08-06T20:33:19 stage=persistence
2026-08-06T20:33:19 stage=verification
2026-08-06T20:33:19 run=success
2026-08-06T20:39:03 stage=input
2026-08-06T20:39:03 stage=analyze
2026-08-06T20:39:03 stage=decision
2026-08-06T20:39:03 stage=execute
2026-08-06T20:39:03 stage=persistence
2026-08-06T20:39:03 stage=verification
2026-08-06T20:39:03 run=success
2026-08-07T08:36:42 stage=input
2026-08-07T08:36:42 stage=analyze
2026-08-07T08:36:42 stage=decision
2026-08-07T08:36:42 stage=execute
2026-08-07T08:36:42 stage=persistence
2026-08-07T08:36:42 stage=verification
2026-08-07T08:36:43 run=success
2026-08-09T11:06:47 stage=input
2026-08-09T11:06:47 stage=analyze
2026-08-09T11:06:47 stage=decision
2026-08-09T11:06:47 stage=execute
2026-08-09T11:06:47 stage=persistence
2026-08-09T11:06:47 stage=verification
2026-08-09T11:06:47 run=success
2026-08-09T11:15:05 stage=input
2026-08-09T11:15:05 stage=analyze
2026-08-09T11:15:05 stage=decision
2026-08-09T11:15:05 stage=execute
2026-08-09T11:15:05 stage=persistence
2026-08-09T11:15:05 stage=verification
2026-08-09T11:15:05 run=success
2026-08-10T15:00:26 stage=input
2026-08-10T15:00:26 stage=analyze
2026-08-10T15:00:26 stage=decision
2026-08-10T15:00:26 stage=execute
2026-08-10T15:00:26 stage=persistence
2026-08-10T15:00:27 stage=verification
2026-08-10T15:00:27 run=success
2026-08-10T15:42:16 stage=input
2026-08-10T15:42:16 stage=analyze
2026-08-10T15:42:16 stage=decision
2026-08-10T15:42:16 stage=execute
2026-08-10T15:42:16 stage=persistence
2026-08-10T15:42:16 stage=verification
2026-08-10T15:42:16 run=success
2026-08-10T17:39:26 stage=input
2026-08-10T17:39:26 stage=analyze
2026-08-10T17:39:26 stage=decision
2026-08-10T17:39:26 stage=execute
2026-08-10T17:39:26 stage=persistence
2026-08-10T17:39:27 stage=verification
2026-08-10T17:39:27 run=success
2026-08-10T22:10:37 stage=input
2026-08-10T22:10:37 stage=analyze
2026-08-10T22:10:37 stage=decision
2026-08-10T22:10:37 stage=execute
2026-08-10T22:10:37 stage=persistence
2026-08-10T22:10:38 stage=verification
2026-08-10T22:10:39 run=success
2026-08-10T22:13:36 stage=input
2026-08-10T22:13:36 stage=analyze
2026-08-10T22:13:36 stage=decision
2026-08-10T22:13:36 stage=execute
2026-08-10T22:13:36 stage=persistence
2026-08-10T22:13:36 stage=verification
2026-08-10T22:13:36 run=success
2026-08-11T08:42:15 stage=input
2026-08-11T08:42:15 stage=analyze
2026-08-11T08:42:15 stage=decision
2026-08-11T08:42:15 stage=execute
2026-08-11T08:42:15 stage=persistence
2026-08-11T08:42:15 stage=verification
2026-08-11T08:42:15 run=success
2026-08-12T07:32:42 stage=input
2026-08-12T07:32:42 stage=analyze
2026-08-12T07:32:42 stage=decision
2026-08-12T07:32:42 stage=execute
2026-08-12T07:32:42 stage=persistence
2026-08-12T07:32:43 stage=verification
2026-08-12T07:32:43 run=success
2026-08-12T09:21:42 stage=input
2026-08-12T09:21:42 stage=analyze
2026-08-12T09:21:42 stage=decision
2026-08-12T09:21:42 stage=execute
2026-08-12T09:21:42 stage=persistence
2026-08-12T09:21:43 stage=verification
2026-08-12T09:21:43 run=success
2026-08-13T09:35:42 stage=input
2026-08-13T09:35:42 stage=analyze
2026-08-13T09:35:42 stage=decision
2026-08-13T09:35:42 stage=execute
2026-08-13T09:35:42 stage=persistence
2026-08-13T09:35:42 stage=verification
2026-08-13T09:35:43 run=success
2026-08-13T09:38:23 stage=input
2026-08-13T09:38:23 stage=analyze
2026-08-13T09:38:23 stage=decision
2026-08-13T09:38:23 stage=execute
2026-08-13T09:38:23 stage=persistence
2026-08-13T09:38:23 stage=verification
2026-08-13T09:38:23 run=success
2026-08-13T20:30:01 stage=input
2026-08-13T20:30:01 stage=analyze
2026-08-13T20:30:01 stage=decision
2026-08-13T20:30:01 stage=execute
2026-08-13T20:30:01 stage=persistence
2026-08-13T20:30:01 stage=verification
2026-08-13T20:30:01 run=success
2026-08-14T08:21:36 stage=input
2026-08-14T08:21:36 stage=analyze
2026-08-14T08:21:36 stage=decision
2026-08-14T08:21:36 stage=execute
2026-08-14T08:21:36 stage=persistence
2026-08-14T08:21:36 stage=verification
2026-08-14T08:21:36 run=success
2026-08-14T11:35:04 stage=input
2026-08-14T11:35:04 stage=analyze
2026-08-14T11:35:04 stage=decision
2026-08-14T11:35:04 stage=execute
2026-08-14T11:35:04 stage=persistence
2026-08-14T11:35:05 stage=verification
2026-08-14T11:35:05 run=success
2026-08-14T13:56:49 stage=input
2026-08-14T13:56:49 stage=analyze
2026-08-14T13:56:49 stage=decision
2026-08-14T13:56:49 stage=execute
2026-08-14T13:56:49 stage=persistence
2026-08-14T13:56:49 stage=verification
2026-08-14T13:56:49 run=success
2026-08-16T10:22:31 stage=input
2026-08-16T10:22:31 stage=analyze
2026-08-16T10:22:31 stage=decision
2026-08-16T10:22:31 stage=execute
2026-08-16T10:22:31 stage=persistence
2026-08-16T10:22:31 stage=verification
2026-08-16T10:22:31 run=success
2026-08-16T10:31:53 stage=input
2026-08-16T10:31:53 stage=analyze
2026-08-16T10:31:53 stage=decision
2026-08-16T10:31:53 stage=execute
2026-08-16T10:31:53 stage=persistence
2026-08-16T10:31:53 stage=verification
2026-08-16T10:31:53 run=success
2026-08-17T08:27:45 stage=input
2026-08-17T08:27:45 stage=analyze
2026-08-17T08:27:45 stage=decision
2026-08-17T08:27:45 stage=execute
2026-08-17T08:27:45 stage=persistence
2026-08-17T08:27:46 stage=verification
2026-08-17T08:27:46 run=success
2026-08-17T08:34:43 stage=input
2026-08-17T08:34:43 stage=analyze
2026-08-17T08:34:43 stage=decision
2026-08-17T08:34:43 stage=execute
2026-08-17T08:34:43 stage=persistence
2026-08-17T08:34:43 stage=verification
2026-08-17T08:34:43 run=success
2026-08-17T10:01:40 stage=input
2026-08-17T10:01:40 stage=analyze
2026-08-17T10:01:40 stage=decision
2026-08-17T10:01:40 stage=execute
2026-08-17T10:01:40 stage=persistence
2026-08-17T10:01:40 stage=verification
2026-08-17T10:01:40 run=success
2026-08-18T08:33:59 stage=input
2026-08-18T08:33:59 stage=analyze
2026-08-18T08:33:59 stage=decision
2026-08-18T08:33:59 stage=execute
2026-08-18T08:33:59 stage=persistence
2026-08-18T08:33:59 stage=verification
2026-08-18T08:33:59 run=success
2026-08-18T08:39:29 stage=input
2026-08-18T08:39:29 stage=analyze
2026-08-18T08:39:29 stage=decision
2026-08-18T08:39:29 stage=execute
2026-08-18T08:39:29 stage=persistence
2026-08-18T08:39:29 stage=verification
2026-08-18T08:39:29 run=success
2026-08-19T08:34:07 stage=input
2026-08-19T08:34:07 stage=analyze
2026-08-19T08:34:07 stage=decision
2026-08-19T08:34:07 stage=execute
2026-08-19T08:34:07 stage=persistence
2026-08-19T08:34:08 stage=verification
2026-08-19T08:34:08 run=success
2026-08-19T08:40:15 stage=input
2026-08-19T08:40:15 stage=analyze
2026-08-19T08:40:15 stage=decision
2026-08-19T08:40:15 stage=execute
2026-08-19T08:40:15 stage=persistence
2026-08-19T08:40:15 stage=verification
2026-08-19T08:40:15 run=success
2026-08-20T08:35:27 stage=input
2026-08-20T08:35:27 stage=analyze
2026-08-20T08:35:27 stage=decision
2026-08-20T08:35:27 stage=execute
2026-08-20T08:35:27 stage=persistence
2026-08-20T08:35:27 stage=verification
2026-08-20T08:35:27 run=success
2026-08-20T08:41:34 stage=input
2026-08-20T08:41:34 stage=analyze
2026-08-20T08:41:34 stage=decision
2026-08-20T08:41:34 stage=execute
2026-08-20T08:41:34 stage=persistence
2026-08-20T08:41:34 stage=verification
2026-08-20T08:41:34 run=success
2026-08-20T12:08:06 stage=input
2026-08-20T12:08:06 stage=analyze
2026-08-20T12:08:06 stage=decision
2026-08-20T12:08:06 stage=execute
2026-08-20T12:08:06 stage=persistence
2026-08-20T12:08:06 stage=verification
2026-08-20T12:08:06 run=success
2026-08-20T16:51:44 stage=input
2026-08-20T16:51:44 stage=analyze
2026-08-20T16:51:44 stage=decision
2026-08-20T16:51:44 stage=execute
2026-08-20T16:51:44 stage=persistence
2026-08-20T16:51:44 stage=verification
2026-08-20T16:51:44 run=success
2026-08-20T21:26:11 stage=input
2026-08-20T21:26:11 stage=analyze
2026-08-20T21:26:11 stage=decision
2026-08-20T21:26:11 stage=execute
2026-08-20T21:26:11 stage=persistence
2026-08-20T21:26:12 stage=verification
2026-08-20T21:26:12 run=success
2026-08-20T21:33:21 stage=input
2026-08-20T21:33:21 stage=analyze
2026-08-20T21:33:21 stage=decision
2026-08-20T21:33:21 stage=execute
2026-08-20T21:33:21 stage=persistence
2026-08-20T21:33:21 stage=verification
2026-08-20T21:33:21 run=success
2026-08-21T07:10:33 stage=input
2026-08-21T07:10:33 stage=analyze
2026-08-21T07:10:33 stage=decision
2026-08-21T07:10:33 stage=execute
2026-08-21T07:10:33 stage=persistence
2026-08-21T07:10:34 stage=verification
2026-08-21T07:10:35 run=success
2026-08-21T08:25:44 stage=input
2026-08-21T08:25:44 stage=analyze
2026-08-21T08:25:44 stage=decision
2026-08-21T08:25:44 stage=execute
2026-08-21T08:25:44 stage=persistence
2026-08-21T08:25:44 stage=verification
2026-08-21T08:25:44 run=success
2026-08-21T14:30:35 stage=input
2026-08-21T14:30:35 stage=analyze
2026-08-21T14:30:35 stage=decision
2026-08-21T14:30:35 stage=execute
2026-08-21T14:30:35 stage=persistence
2026-08-21T14:30:35 stage=verification
2026-08-21T14:30:35 run=success
2026-08-22T07:30:26 stage=input
2026-08-22T07:30:26 stage=analyze
2026-08-22T07:30:26 stage=decision
2026-08-22T07:30:26 stage=execute
2026-08-22T07:30:26 stage=persistence
2026-08-22T07:30:26 stage=verification
2026-08-22T07:30:27 run=success
2026-08-22T07:35:41 stage=input
2026-08-22T07:35:41 stage=analyze
2026-08-22T07:35:41 stage=decision
2026-08-22T07:35:41 stage=execute
2026-08-22T07:35:41 stage=persistence
2026-08-22T07:35:41 stage=verification
2026-08-22T07:35:41 run=success
2026-08-22T21:10:00 stage=input
2026-08-22T21:10:00 stage=analyze
2026-08-22T21:10:00 stage=decision
2026-08-22T21:10:00 stage=execute
2026-08-22T21:10:00 stage=persistence
2026-08-22T21:10:00 stage=verification
2026-08-22T21:10:00 run=success
2026-08-23T00:15:02 stage=input
2026-08-23T00:15:02 stage=analyze
2026-08-23T00:15:02 stage=decision
2026-08-23T00:15:02 stage=execute
2026-08-23T00:15:02 stage=persistence
2026-08-23T00:15:02 stage=verification
2026-08-23T00:15:02 run=success
2026-08-23T09:10:57 stage=input
2026-08-23T09:10:57 stage=analyze
2026-08-23T09:10:57 stage=decision
2026-08-23T09:10:57 stage=execute
2026-08-23T09:10:57 stage=persistence
2026-08-23T09:10:57 stage=verification
2026-08-23T09:10:57 run=success
2026-08-23T10:50:53 stage=input
2026-08-23T10:50:53 stage=analyze
2026-08-23T10:50:53 stage=decision
2026-08-23T10:50:53 stage=execute
2026-08-23T10:50:53 stage=persistence
2026-08-23T10:51:00 stage=verification
2026-08-23T10:51:18 run=success
2026-08-23T20:30:02 stage=input
2026-08-23T20:30:02 stage=analyze
2026-08-23T20:30:02 stage=decision
2026-08-23T20:30:02 stage=execute
2026-08-23T20:30:02 stage=persistence
2026-08-23T20:30:02 stage=verification
2026-08-23T20:30:02 run=success
2026-08-24T14:27:23 stage=input
2026-08-24T14:27:23 stage=analyze
2026-08-24T14:27:23 stage=decision
2026-08-24T14:27:23 stage=execute
2026-08-24T14:27:23 stage=persistence
2026-08-24T14:27:23 stage=verification
2026-08-24T14:27:23 run=success
2026-08-25T08:37:24 stage=input
2026-08-25T08:37:24 stage=analyze
2026-08-25T08:37:24 stage=decision
2026-08-25T08:37:24 stage=execute
2026-08-25T08:37:24 stage=persistence
2026-08-25T08:37:25 stage=verification
2026-08-25T08:37:25 run=success
2026-08-25T08:45:04 stage=input
2026-08-25T08:45:04 stage=analyze
2026-08-25T08:45:04 stage=decision
2026-08-25T08:45:04 stage=execute
2026-08-25T08:45:04 stage=persistence
2026-08-25T08:45:04 stage=verification
2026-08-25T08:45:04 run=success
2026-08-25T22:32:43 stage=input
2026-08-25T22:32:43 stage=analyze
2026-08-25T22:32:43 stage=decision
2026-08-25T22:32:43 stage=execute
2026-08-25T22:32:43 stage=persistence
2026-08-25T22:32:43 stage=verification
2026-08-25T22:32:43 run=success
2026-08-25T22:39:38 stage=input
2026-08-25T22:39:38 stage=analyze
2026-08-25T22:39:38 stage=decision
2026-08-25T22:39:38 stage=execute
2026-08-25T22:39:38 stage=persistence
2026-08-25T22:39:38 stage=verification
2026-08-25T22:39:38 run=success
2026-08-26T08:23:38 stage=input
2026-08-26T08:23:38 stage=analyze
2026-08-26T08:23:38 stage=decision
2026-08-26T08:23:38 stage=execute
2026-08-26T08:23:38 stage=persistence
2026-08-26T08:23:38 stage=verification
2026-08-26T08:23:38 run=success
2026-08-26T21:20:12 stage=input
2026-08-26T21:20:12 stage=analyze
2026-08-26T21:20:12 stage=decision
2026-08-26T21:20:12 stage=execute
2026-08-26T21:20:12 stage=persistence
2026-08-26T21:20:12 stage=verification
2026-08-26T21:20:12 run=success
2026-08-26T21:26:21 stage=input
2026-08-26T21:26:21 stage=analyze
2026-08-26T21:26:21 stage=decision
2026-08-26T21:26:21 stage=execute
2026-08-26T21:26:21 stage=persistence
2026-08-26T21:26:21 stage=verification
2026-08-26T21:26:21 run=success
2026-08-27T08:34:11 stage=input
2026-08-27T08:34:11 stage=analyze
2026-08-27T08:34:11 stage=decision
2026-08-27T08:34:11 stage=execute
2026-08-27T08:34:11 stage=persistence
2026-08-27T08:34:12 stage=verification
2026-08-27T08:34:12 run=success
2026-08-27T21:32:08 stage=input
2026-08-27T21:32:08 stage=analyze
2026-08-27T21:32:08 stage=decision
2026-08-27T21:32:08 stage=execute
2026-08-27T21:32:08 stage=persistence
2026-08-27T21:32:10 stage=verification
2026-08-27T21:32:10 run=success
2026-08-27T21:40:13 stage=input
2026-08-27T21:40:13 stage=analyze
2026-08-27T21:40:13 stage=decision
2026-08-27T21:40:13 stage=execute
2026-08-27T21:40:13 stage=persistence
2026-08-27T21:40:13 stage=verification
2026-08-27T21:40:14 run=success
2026-08-28T08:34:36 stage=input
2026-08-28T08:34:36 stage=analyze
2026-08-28T08:34:36 stage=decision
2026-08-28T08:34:36 stage=execute
2026-08-28T08:34:36 stage=persistence
2026-08-28T08:34:37 stage=verification
2026-08-28T08:34:37 run=success
2026-08-28T21:12:51 stage=input
2026-08-28T21:12:51 stage=analyze
2026-08-28T21:12:51 stage=decision
2026-08-28T21:12:51 stage=execute
2026-08-28T21:12:51 stage=persistence
2026-08-28T21:12:51 stage=verification
2026-08-28T21:12:51 run=success
2026-08-28T21:15:28 stage=input
2026-08-28T21:15:28 stage=analyze
2026-08-28T21:15:28 stage=decision
2026-08-28T21:15:28 stage=execute
2026-08-28T21:15:28 stage=persistence
2026-08-28T21:15:28 stage=verification
2026-08-28T21:15:28 run=success
2026-08-29T07:11:27 stage=input
2026-08-29T07:11:27 stage=analyze
2026-08-29T07:11:27 stage=decision
2026-08-29T07:11:27 stage=execute
2026-08-29T07:11:27 stage=persistence
2026-08-29T07:11:27 stage=verification
2026-08-29T07:11:27 run=success
2026-08-29T20:30:02 stage=input
2026-08-29T20:30:02 stage=analyze
2026-08-29T20:30:02 stage=decision
2026-08-29T20:30:02 stage=execute
2026-08-29T20:30:02 stage=persistence
2026-08-29T20:30:02 stage=verification
2026-08-29T20:30:02 run=success
2026-08-30T20:30:02 stage=input
2026-08-30T20:30:02 stage=analyze
2026-08-30T20:30:02 stage=decision
2026-08-30T20:30:02 stage=execute
2026-08-30T20:30:02 stage=persistence
2026-08-30T20:30:02 stage=verification
2026-08-30T20:30:02 run=success
2026-08-31T08:42:47 stage=input
2026-08-31T08:42:47 stage=analyze
2026-08-31T08:42:47 stage=decision
2026-08-31T08:42:47 stage=execute
2026-08-31T08:42:47 stage=persistence
2026-08-31T08:42:47 stage=verification
2026-08-31T08:42:48 run=success
2026-08-31T20:30:02 stage=input
2026-08-31T20:30:02 stage=analyze
2026-08-31T20:30:02 stage=decision
2026-08-31T20:30:02 stage=execute
2026-08-31T20:30:02 stage=persistence
2026-08-31T20:30:02 stage=verification
2026-08-31T20:30:02 run=success
2026-08-31T21:20:46 stage=input
2026-08-31T21:20:46 stage=analyze
2026-08-31T21:20:46 stage=decision
2026-08-31T21:20:46 stage=execute
2026-08-31T21:20:46 stage=persistence
2026-08-31T21:20:47 stage=verification
2026-08-31T21:20:47 run=success
2026-09-01T08:23:26 stage=input
2026-09-01T08:23:26 stage=analyze
2026-09-01T08:23:26 stage=decision
2026-09-01T08:23:26 stage=execute
2026-09-01T08:23:26 stage=persistence
2026-09-01T08:23:26 stage=verification
2026-09-01T08:23:26 run=success
2026-09-01T21:17:41 stage=input
2026-09-01T21:17:41 stage=analyze
2026-09-01T21:17:41 stage=decision
2026-09-01T21:17:41 stage=execute
2026-09-01T21:17:41 stage=persistence
2026-09-01T21:17:42 stage=verification
2026-09-01T21:17:42 run=success
2026-09-01T21:22:05 stage=input
2026-09-01T21:22:05 stage=analyze
2026-09-01T21:22:05 stage=decision
2026-09-01T21:22:05 stage=execute
2026-09-01T21:22:05 stage=persistence
2026-09-01T21:22:05 stage=verification
2026-09-01T21:22:05 run=success
2026-09-02T07:10:37 stage=input
2026-09-02T07:10:37 stage=analyze
2026-09-02T07:10:37 stage=decision
2026-09-02T07:10:37 stage=execute
2026-09-02T07:10:37 stage=persistence
2026-09-02T07:10:37 stage=verification
2026-09-02T07:10:37 run=success
2026-09-02T08:35:51 stage=input
2026-09-02T08:35:51 stage=analyze
2026-09-02T08:35:51 stage=decision
2026-09-02T08:35:51 stage=execute
2026-09-02T08:35:51 stage=persistence
2026-09-02T08:35:51 stage=verification
2026-09-02T08:35:51 run=success
2026-09-02T21:42:44 stage=input
2026-09-02T21:42:44 stage=analyze
2026-09-02T21:42:44 stage=decision
2026-09-02T21:42:44 stage=execute
2026-09-02T21:42:44 stage=persistence
2026-09-02T21:42:45 stage=verification
2026-09-02T21:42:45 run=success
2026-09-02T21:47:52 stage=input
2026-09-02T21:47:52 stage=analyze
2026-09-02T21:47:52 stage=decision
2026-09-02T21:47:52 stage=execute
2026-09-02T21:47:52 stage=persistence
2026-09-02T21:47:52 stage=verification
2026-09-02T21:47:52 run=success
2026-09-03T07:07:40 stage=input
2026-09-03T07:07:40 stage=analyze
2026-09-03T07:07:40 stage=decision
2026-09-03T07:07:40 stage=execute
2026-09-03T07:07:40 stage=persistence
2026-09-03T07:07:40 stage=verification
2026-09-03T07:07:40 run=success
2026-09-03T08:18:47 stage=input
2026-09-03T08:18:47 stage=analyze
2026-09-03T08:18:47 stage=decision
2026-09-03T08:18:47 stage=execute
2026-09-03T08:18:47 stage=persistence
2026-09-03T08:18:48 stage=verification
2026-09-03T08:18:48 run=success
2026-09-03T21:31:46 stage=input
2026-09-03T21:31:46 stage=analyze
2026-09-03T21:31:46 stage=decision
2026-09-03T21:31:46 stage=execute
2026-09-03T21:31:46 stage=persistence
2026-09-03T21:31:46 stage=verification
2026-09-03T21:31:46 run=success
2026-09-03T21:38:41 stage=input
2026-09-03T21:38:41 stage=analyze
2026-09-03T21:38:41 stage=decision
2026-09-03T21:38:41 stage=execute
2026-09-03T21:38:41 stage=persistence
2026-09-03T21:38:41 stage=verification
2026-09-03T21:38:41 run=success
